─── Node16 (#0)
    prefix(0): [··········] [0 0 0 0 0 0 0 0 0 0]
    keys: [ckz·············] [99 107 122 · · · · · · · · · · · · ·]
    children(3): [#1 #2 #3 - - - - - - - - - - - - -] <->
    ├── Leaf (#1)
    │   key(4): [cey4] [99 101 121 52]
    │   val: 44
    │   
    ├── Leaf (#2)
    │   key(4): [key4] [107 101 121 52]
    │   val: 4
    │   
    ├── Node16 (#3)
    │   prefix(0): [··········] [0 0 0 0 0 0 0 0 0 0]
    │   keys: [z···············] [122 · · · · · · · · · · · · · · ·]
    │   children(1): [#5 - - - - - - - - - - - - - - -] <->
    │   ├── Leaf (#5)
    │   │   key(4): [4yek] [52 121 101 107]
    │   │   val: 4
    │   │   
    │   ├── nil
    │   ├── nil
    │   ├── nil
    │   ├── nil
    │   ├── nil
    │   ├── nil
    │   ├── nil
    │   ├── nil
    │   ├── nil
    │   ├── nil
    │   ├── nil
    │   ├── nil
    │   ├── nil
    │   ├── nil
    │   ├── nil
    │   └── nil
    │   
    ├── nil
    ├── nil
    ├── nil
    ├── nil
    ├── nil
    ├── nil
    ├── nil
    ├── nil
    ├── nil
    ├── nil
    ├── nil
    ├── nil
    ├── nil
    └── nil
