─── Node16 (#0)
    prefix(0): [··········] [0 0 0 0 0 0 0 0 0 0]
    keys: [k···············] [107 · · · · · · · · · · · · · · ·]
    children(1): [#1 - - - - - - - - - - - - - - -] <->
    ├── Leaf (#1)
    │   key(5): [key16] [107 101 121 49 54]
    │   val: value16
    │   
    ├── nil
    ├── nil
    ├── nil
    ├── nil
    ├── nil
    ├── nil
    ├── nil
    ├── nil
    ├── nil
    ├── nil
    ├── nil
    ├── nil
    ├── nil
    ├── nil
    ├── nil
    └── nil
