─── Node256 (#0)
    prefix(0): [··········] [0 0 0 0 0 0 0 0 0 0]
    children(1): [- - - - - - - - - - - - - - - - - - - - - - - - - - - - - - - - - - - - - - - - - - - - - - - - - - - - - - - - - - - - - - - - - - - - - - - - - - - - - - - - - - - - - - - - - - - - - - - - - - - - - - - - - - - #2 - - - - - - - - - - - - - - - - - - - - - - - - - - - - - - - - - - - - - - - - - - - - - - - - - - - - - - - - - - - - - - - - - - - - - - - - - - - - - - - - - - - - - - - - - - - - - - - - - - - - - - - - - - - - - - - - - - - - - - - - - - - - - - - - - - - - - - - - - - - - - - - - - - - -] <->
    ├── nil
    ├── nil
    ├── nil
    ├── nil
    ├── nil
    ├── nil
    ├── nil
    ├── nil
    ├── nil
    ├── nil
    ├── nil
    ├── nil
    ├── nil
    ├── nil
    ├── nil
    ├── nil
    ├── nil
    ├── nil
    ├── nil
    ├── nil
    ├── nil
    ├── nil
    ├── nil
    ├── nil
    ├── nil
    ├── nil
    ├── nil
    ├── nil
    ├── nil
    ├── nil
    ├── nil
    ├── nil
    ├── nil
    ├── nil
    ├── nil
    ├── nil
    ├── nil
    ├── nil
    ├── nil
    ├── nil
    ├── nil
    ├── nil
    ├── nil
    ├── nil
    ├── nil
    ├── nil
    ├── nil
    ├── nil
    ├── nil
    ├── nil
    ├── nil
    ├── nil
    ├── nil
    ├── nil
    ├── nil
    ├── nil
    ├── nil
    ├── nil
    ├── nil
    ├── nil
    ├── nil
    ├── nil
    ├── nil
    ├── nil
    ├── nil
    ├── nil
    ├── nil
    ├── nil
    ├── nil
    ├── nil
    ├── nil
    ├── nil
    ├── nil
    ├── nil
    ├── nil
    ├── nil
    ├── nil
    ├── nil
    ├── nil
    ├── nil
    ├── nil
    ├── nil
    ├── nil
    ├── nil
    ├── nil
    ├── nil
    ├── nil
    ├── nil
    ├── nil
    ├── nil
    ├── nil
    ├── nil
    ├── nil
    ├── nil
    ├── nil
    ├── nil
    ├── nil
    ├── nil
    ├── nil
    ├── nil
    ├── nil
    ├── nil
    ├── nil
    ├── nil
    ├── nil
    ├── nil
    ├── nil
    ├── Leaf (#2)
    │   key(6): [key256] [107 101 121 50 53 54]
    │   val: value256
    │   
    ├── nil
    ├── nil
    ├── nil
    ├── nil
    ├── nil
    ├── nil
    ├── nil
    ├── nil
    ├── nil
    ├── nil
    ├── nil
    ├── nil
    ├── nil
    ├── nil
    ├── nil
    ├── nil
    ├── nil
    ├── nil
    ├── nil
    ├── nil
    ├── nil
    ├── nil
    ├── nil
    ├── nil
    ├── nil
    ├── nil
    ├── nil
    ├── nil
    ├── nil
    ├── nil
    ├── nil
    ├── nil
    ├── nil
    ├── nil
    ├── nil
    ├── nil
    ├── nil
    ├── nil
    ├── nil
    ├── nil
    ├── nil
    ├── nil
    ├── nil
    ├── nil
    ├── nil
    ├── nil
    ├── nil
    ├── nil
    ├── nil
    ├── nil
    ├── nil
    ├── nil
    ├── nil
    ├── nil
    ├── nil
    ├── nil
    ├── nil
    ├── nil
    ├── nil
    ├── nil
    ├── nil
    ├── nil
    ├── nil
    ├── nil
    ├── nil
    ├── nil
    ├── nil
    ├── nil
    ├── nil
    ├── nil
    ├── nil
    ├── nil
    ├── nil
    ├── nil
    ├── nil
    ├── nil
    ├── nil
    ├── nil
    ├── nil
    ├── nil
    ├── nil
    ├── nil
    ├── nil
    ├── nil
    ├── nil
    ├── nil
    ├── nil
    ├── nil
    ├── nil
    ├── nil
    ├── nil
    ├── nil
    ├── nil
    ├── nil
    ├── nil
    ├── nil
    ├── nil
    ├── nil
    ├── nil
    ├── nil
    ├── nil
    ├── nil
    ├── nil
    ├── nil
    ├── nil
    ├── nil
    ├── nil
    ├── nil
    ├── nil
    ├── nil
    ├── nil
    ├── nil
    ├── nil
    ├── nil
    ├── nil
    ├── nil
    ├── nil
    ├── nil
    ├── nil
    ├── nil
    ├── nil
    ├── nil
    ├── nil
    ├── nil
    ├── nil
    ├── nil
    ├── nil
    ├── nil
    ├── nil
    ├── nil
    ├── nil
    ├── nil
    ├── nil
    ├── nil
    ├── nil
    ├── nil
    ├── nil
    ├── nil
    ├── nil
    ├── nil
    ├── nil
    ├── nil
    ├── nil
    ├── nil
    ├── nil
    ├── nil
    ├── nil
    ├── nil
    └── nil
